{
    "VALID": {
        "URL": "/#/viewgroup"
    },
    "INVALID": {
        "MESSAGE_NAME_MANDATORY": "Name is mandatory. -",
        "MESSAGE_OFFICE_MANDATORY": "Office is mandatory. -"
    }
}