{
    "VALID" : {
        "PATH_URL" : "/home",
        "TEXT_WELCOME": "Welcome, mifos"
    }
    
}